// Jest Snapshot v1, https://goo.gl/fbAQLP

exports[`Test addDevice check snapshot 1`] = `
<View
  style={
    Object {
      "backgroundColor": "rgba(255, 255, 255, 1)",
      "flex": 1,
    }
  }
>
  <Header
    backgroundColor="#4ECDC4"
    centerComponent={
      Object {
        "style": Object {
          "color": "#fff",
        },
        "text": "DEVICE",
      }
    }
    placement="center"
    rightComponent={
      Object {
        "color": "#fff",
        "icon": "search",
        "onPress": [Function],
      }
    }
    statusBarProps={
      Object {
        "backgroundColor": "#4ECDC4",
      }
    }
  />
  <View
    style={
      Object {
        "alignItems": "center",
        "flex": 1,
        "justifyContent": "center",
      }
    }
  >
    <Text
      accessible={true}
      allowFontScaling={true}
      ellipsizeMode="tail"
      style={
        Object {
          "fontSize": 22,
          "marginBottom": 10,
          "textAlign": "center",
        }
      }
    >
      First Time Connect
    </Text>
    <Text
      accessible={true}
      allowFontScaling={true}
      ellipsizeMode="tail"
      style={
        Object {
          "color": "#ccc",
          "fontSize": 14,
          "padding": 20,
          "textAlign": "center",
        }
      }
    >
      with using below button search and connect to a ninix device
    </Text>
    <Button
      TouchableComponent={[Function]}
      buttonStyle={
        Object {
          "backgroundColor": "#4ECDC4",
          "paddingHorizontal": 15,
          "paddingVertical": 5,
        }
      }
      clear={false}
      disabled={false}
      icon={
        <Icon
          color="white"
          name="search"
          raised={false}
          reverse={false}
          reverseColor="white"
          size={15}
          underlayColor="white"
        />
      }
      iconRight={false}
      loadingProps={
        Object {
          "color": "white",
          "size": "small",
        }
      }
      onPress={[Function]}
      title="Search and Connect"
    />
  </View>
</View>
`;
