// Jest Snapshot v1, https://goo.gl/fbAQLP

exports[`Test Signup check snapshot 1`] = `
<EntryTemplate
  imageSource="test-file-stub"
  leftBarButton={
    <Text
      accessible={true}
      allowFontScaling={true}
      ellipsizeMode="tail"
      style={
        Object {
          "color": "white",
        }
      }
    >
      <Icon
        allowFontScaling={false}
        name="chevron-left"
        size={12}
      />
       Login
    </Text>
  }
  onPressLeftBarButton={[Function]}
  onPressRightBarButton={[Function]}
  title="SIGNUP"
>
  <View
    style={
      Object {
        "flex": 1,
        "justifyContent": "flex-end",
        "paddingBottom": 20,
        "paddingHorizontal": "10%",
      }
    }
  >
    <MobileEntrance
      description="Please Enter Your Mobile Number"
      fetching={false}
      onChangeValue={[Function]}
      onPress={[Function]}
      title="Mobile Number"
      valid={false}
      value="09"
    />
  </View>
</EntryTemplate>
`;
